Possibly Their Most Famous Offence Took Place In A Royal Justice Richard Willoughby Was Despatched To Derbyshire To Bring The Coterels To Justice But Before He Could Do So He Was Kidnapped By A Consortium Composed Of Both The Coterels And The Folvilles Men Each Gang Had Encountered Him In His Professional Capacity On Previous Occasions And Probably Wanted Revenge On Him As Much As They Wanted His Money This They Also Received As Willoughby Paid Marks For His Freedom This Outrage Against A Representative Of The Crown Led King Edward Iii To Launch A Royal Commission Into The Troubled
