Area To Bring The Coterels To Justice And Restore The Kings Peace In The Event Many Gang Members Were Arraigned But All But One Were Acquitted The Coterel Brothers Themselves Ignored Their Summonses And Did Not Even Attend The King Was Also Politically Distracted By The Outbreak Of War With Scotland This Provided Him With The Opportunity To Recruit Seasoned Men To His Army While Appearing To Solve The Local Disorder As A Result Most Of The Coterel Band Received Royal Pardons Following Service Abroad Or In Scotland And James Nicholas And John Coterel All Eventually Had Profitable Careers Modern
